2026-05-22 11:32:57,098 INFO skill-odoo.telegram Telegram receipt bot started
2026-05-22 11:33:03,090 ERROR skill-odoo.telegram bot loop error
Traceback (most recent call last):
  File "/home/openclaw/skill-odoo/openclaw_bot_cli/telegram_bot.py", line 45, in run_forever
    for update in self._get_updates():
                  ~~~~~~~~~~~~~~~~~^^
  File "/home/openclaw/skill-odoo/openclaw_bot_cli/telegram_bot.py", line 69, in _get_updates
    return self._request("getUpdates", data=payload).get("result", [])
           ~~~~~~~~~~~~~^^^^^^^^^^^^^^^^^^^^^^^^^^^^
  File "/home/openclaw/skill-odoo/openclaw_bot_cli/telegram_bot.py", line 61, in _request
    raise RuntimeError(f"Telegram {method} failed: {data}")
RuntimeError: Telegram getUpdates failed: {'ok': False, 'error_code': 409, 'description': 'Conflict: terminated by other getUpdates request; make sure that only one bot instance is running'}
2026-05-22 11:33:14,073 ERROR skill-odoo.telegram bot loop error
Traceback (most recent call last):
  File "/home/openclaw/skill-odoo/openclaw_bot_cli/telegram_bot.py", line 45, in run_forever
    for update in self._get_updates():
                  ~~~~~~~~~~~~~~~~~^^
  File "/home/openclaw/skill-odoo/openclaw_bot_cli/telegram_bot.py", line 69, in _get_updates
    return self._request("getUpdates", data=payload).get("result", [])
           ~~~~~~~~~~~~~^^^^^^^^^^^^^^^^^^^^^^^^^^^^
  File "/home/openclaw/skill-odoo/openclaw_bot_cli/telegram_bot.py", line 61, in _request
    raise RuntimeError(f"Telegram {method} failed: {data}")
RuntimeError: Telegram getUpdates failed: {'ok': False, 'error_code': 409, 'description': 'Conflict: terminated by other getUpdates request; make sure that only one bot instance is running'}
2026-05-22 11:33:15,520 INFO skill-odoo.telegram Telegram receipt bot started
2026-05-22 13:09:20,787 INFO skill-odoo.telegram saved receipt incoming_receipts/20260522-130920-telegram_photo_AQADXRFrGyIJeVR-.jpg
2026-05-22 13:09:20,787 INFO skill-odoo inbox incoming_receipts files=1 ref=26May dry_run=False
2026-05-22 13:09:23,306 INFO skill-odoo odoo company=Aegis Fintech Pte. Ltd. ccy=SGD journal=MISC/10 shareholder=202040 coa_short=92/155
2026-05-22 13:09:45,092 INFO skill-odoo OK 20260522-130920-telegram_photo_AQADXRFrGyIJeVR-.jpg -> NIUC FairPrice Co-operative Limited SGD0.00 rate=1.0000 acct=501023
